Unqualified function call: unsafe_call2
Unqualified function call: unsafe_call3
Warnings: 2 Unknown: 0
