Unqualified function call: unsafe_call3
Unqualified function call: unsafe_call4
Unqualified function call: unsafe_call5
Unqualified function call: unsafe_call13
Unqualified function call: unsafe_call17
Unqualified function call: safe_call19
Unqualified function call: unsafe_call21
Warnings: 7 Unknown: 0
